// Jest Snapshot v1, https://goo.gl/fbAQLP

exports[`ArticleTextToggleButton tests renders correctly 1`] = `
<div>
  <div
    class="ToggleButtonWrapper"
  >
    <button
      class="ToggleButton"
    />
  </div>
</div>
`;
